// Jest Snapshot v1, https://goo.gl/fbAQLP

exports[`MoviesPage should match the snapshot 1`] = `
<section
  className="movies-page"
>
  <div
    className="film-block"
  />
  <section
    className="movies-container"
  >
    <Link
      className="movie-thumbnail"
      to="/movies/21"
    >
      <MovieThumbnail
        average_rating={8}
        backdrop_path="https://image.tmdb.org/t/p/original//tCUcf3oNWMW8kwAj3WC6CvIN5ah.jpg"
        id={21}
        overview="Based on the global blockbuster videogame franchise from Sega, Sonic the Hedgehog tells the story of the worldâ€™s speediest hedgehog as he embraces his new home on Earth. In this live-action adventure comedy, Sonic and his new best friend team up to defend the planet from the evil genius Dr. Robotnik and his plans for world domination."
        poster_path="https://image.tmdb.org/t/p/original//aQvJ5WPzZgYVDrxLX4R6cLJCEaQ.jpg"
        release_date="2020-02-12"
        title="Sonic the Hedgehog"
      />
    </Link>
  </section>
</section>
`;
